// Vitest Snapshot v1

exports[`mount component 1`] = `
"<div id=\\"SearchContainer\\">
  <form><input type=\\"text\\" id=\\"SearchInput\\" placeholder=\\"Search\\"><button type=\\"submit\\">
      <font-awesome-icon icon=\\"fas,magnifying-glass\\"></font-awesome-icon>
    </button></form>
</div>"
`;
